Connecting RabbitMQ...
Connected.
Opening 1 channel(s)...
Opened channel 0...
Done.
Setting QoS... 
Succeeded setting QoS.
Declaring queue "TestEndToEnd/declareError"...
