Connecting RabbitMQ...
Connected.
Opening 1 channel(s)...
Opened channel 0...
Done.
Setting QoS... 
Succeeded setting QoS.
Metrics disabled.
Registering channels... 
Succeeded registering channel 0.
Waiting for messages...
