Connecting RabbitMQ...
Connected.
Opening 1 channel(s)...
Opened channel 0...
Done.
Setting QoS... 
Succeeded setting QoS.
Declaring queue "test"...
Metrics disabled.
Registering channels... 
Succeeded registering channel 0.
Waiting for messages...
[Channel 0] Processing message...
Got executed
b3V0cHV0
output
[Channel 0] Processed!
