INFO [Channel 1] Processing message...
INFO [Channel 1] Failed. Check error log for details.
ERROR [Channel 1] Error: exit status 1
ERROR [Channel 1] Failed: lorem
ipsum
INFO [Channel 1] Processed!
