INFO [Channel 1] Processing message...
INFO [Channel 1] Processed!
